../source/GPIO_FW.c:19:6:GPIO_Enable	8	static
../source/GPIO_FW.c:32:6:GPIO_Disable	8	static
../source/GPIO_FW.c:48:6:GPIO_SetDIR	24	static
../source/GPIO_FW.c:64:6:GPIO_SetPIN	24	static
../source/GPIO_FW.c:81:9:GPIO_GetPIN	24	static
../source/GPIO_FW.c:99:6:GPIO_SetOUT	16	static
../source/GPIO_FW.c:113:6:GPIO_ClearOUT	16	static
../source/GPIO_FW.c:127:6:GPIO_ToogleOUT	16	static
../source/GPIO_FW.c:141:6:GPIO_DebounceUserKEY	16	static
../source/GPIO_FW.c:169:6:GPIO_Debounce	32	static
../source/GPIO_FW.c:187:6:GPIO_DebounceSALIDA	16	static
../source/GPIO_FW.c:205:6:GPIO_DebounceENTRADA	16	static
../source/GPIO_FW.c:231:6:IOCONEnable	8	static
../source/GPIO_FW.c:244:6:IOCONDisable	8	static
../source/GPIO_FW.c:267:9:GetOFFSET	24	static
../source/GPIO_FW.c:284:6:GPIO_SetModeINPUT	32	static
../source/GPIO_FW.c:302:6:GPIO_SetModeHYS	32	static
../source/GPIO_FW.c:320:6:GPIO_SetModeINV	32	static
../source/GPIO_FW.c:338:6:GPIO_SetModeOD	32	static
../source/GPIO_FW.c:356:6:GPIO_SetModeFILTER	32	static
../source/GPIO_FW.c:374:6:GPIO_SetModeCLKDIV	32	static
../source/GPIO_FW.c:392:6:GPIO_SetModeDAC	32	static
../source/GPIO_FW.c:410:6:GPIO_SetModeI2C	32	static
